Archive member included to satisfy reference by file (symbol)

/opt/microchip/xc8/v2.30/avr/bin/../lib/gcc/avr/5.4.0/avrxmega3/libgcc.a(_exit.o)
                              /opt/microchip/mplabx/v5.40/packs/Microchip/ATmega_DFP/2.2.108/xc8/avr/lib/avrxmega3/crtatmega4809.o (exit)
/opt/microchip/xc8/v2.30/avr/bin/../lib/gcc/avr/5.4.0/avrxmega3/libgcc.a(_copy_data.o)
                              build/default/production/main.o (__do_copy_data)
/opt/microchip/xc8/v2.30/avr/bin/../lib/gcc/avr/5.4.0/../../../../avr/lib/avrxmega3/libc.a(iob.o)
                              build/default/production/main.o (__iob)
/opt/microchip/xc8/v2.30/avr/bin/../lib/gcc/avr/5.4.0/../../../../avr/lib/avrxmega3/libc.a(printf.o)
                              build/default/production/main.o (printf)
/opt/microchip/xc8/v2.30/avr/bin/../lib/gcc/avr/5.4.0/../../../../avr/lib/avrxmega3/libc.a(puts.o)
                              build/default/production/main.o (puts)
/opt/microchip/xc8/v2.30/avr/bin/../lib/gcc/avr/5.4.0/../../../../avr/lib/avrxmega3/libc.a(vfprintf_std.o)
                              /opt/microchip/xc8/v2.30/avr/bin/../lib/gcc/avr/5.4.0/../../../../avr/lib/avrxmega3/libc.a(printf.o) (vfprintf)
/opt/microchip/xc8/v2.30/avr/bin/../lib/gcc/avr/5.4.0/../../../../avr/lib/avrxmega3/libc.a(strnlen_P.o)
                              /opt/microchip/xc8/v2.30/avr/bin/../lib/gcc/avr/5.4.0/../../../../avr/lib/avrxmega3/libc.a(vfprintf_std.o) (strnlen_P)
/opt/microchip/xc8/v2.30/avr/bin/../lib/gcc/avr/5.4.0/../../../../avr/lib/avrxmega3/libc.a(strnlen.o)
                              /opt/microchip/xc8/v2.30/avr/bin/../lib/gcc/avr/5.4.0/../../../../avr/lib/avrxmega3/libc.a(vfprintf_std.o) (strnlen)
/opt/microchip/xc8/v2.30/avr/bin/../lib/gcc/avr/5.4.0/../../../../avr/lib/avrxmega3/libc.a(fputc.o)
                              /opt/microchip/xc8/v2.30/avr/bin/../lib/gcc/avr/5.4.0/../../../../avr/lib/avrxmega3/libc.a(vfprintf_std.o) (fputc)
/opt/microchip/xc8/v2.30/avr/bin/../lib/gcc/avr/5.4.0/../../../../avr/lib/avrxmega3/libc.a(ultoa_invert.o)
                              /opt/microchip/xc8/v2.30/avr/bin/../lib/gcc/avr/5.4.0/../../../../avr/lib/avrxmega3/libc.a(vfprintf_std.o) (__ultoa_invert)
/opt/microchip/mplabx/v5.40/packs/Microchip/ATmega_DFP/2.2.108/xc8/avr/lib/avrxmega3/libatmega4809.a(ccp_write.o)
                              build/default/production/main.o (ccp_write_io)
/opt/microchip/xc8/v2.30/avr/bin/../lib/gcc/avr/5.4.0/avrxmega3/libgcc.a(_prologue.o)
                              /opt/microchip/xc8/v2.30/avr/bin/../lib/gcc/avr/5.4.0/../../../../avr/lib/avrxmega3/libc.a(printf.o) (__prologue_saves__)
/opt/microchip/xc8/v2.30/avr/bin/../lib/gcc/avr/5.4.0/avrxmega3/libgcc.a(_epilogue.o)
                              /opt/microchip/xc8/v2.30/avr/bin/../lib/gcc/avr/5.4.0/../../../../avr/lib/avrxmega3/libc.a(printf.o) (__epilogue_restores__)

Allocating common symbols
Common symbol       size              file

__iob               0x6               /opt/microchip/xc8/v2.30/avr/bin/../lib/gcc/avr/5.4.0/../../../../avr/lib/avrxmega3/libc.a(iob.o)

Discarded input sections

 .data          0x0000000000000000        0x0 /opt/microchip/mplabx/v5.40/packs/Microchip/ATmega_DFP/2.2.108/xc8/avr/lib/avrxmega3/crtatmega4809.o
 .bss           0x0000000000000000        0x0 /opt/microchip/mplabx/v5.40/packs/Microchip/ATmega_DFP/2.2.108/xc8/avr/lib/avrxmega3/crtatmega4809.o
 .text          0x0000000000000000        0x0 build/default/production/main.o
 .data          0x0000000000000000        0x0 build/default/production/main.o
 .bss           0x0000000000000000        0x0 build/default/production/main.o
 .text.RTC_init
                0x0000000000000000       0x5a build/default/production/main.o
 .text.USART0_sendString
                0x0000000000000000       0x44 build/default/production/main.o
 .text          0x0000000000000000        0x0 /opt/microchip/xc8/v2.30/avr/bin/../lib/gcc/avr/5.4.0/avrxmega3/libgcc.a(_exit.o)
 .data          0x0000000000000000        0x0 /opt/microchip/xc8/v2.30/avr/bin/../lib/gcc/avr/5.4.0/avrxmega3/libgcc.a(_exit.o)
 .bss           0x0000000000000000        0x0 /opt/microchip/xc8/v2.30/avr/bin/../lib/gcc/avr/5.4.0/avrxmega3/libgcc.a(_exit.o)
 .text.libgcc.mul
                0x0000000000000000        0x0 /opt/microchip/xc8/v2.30/avr/bin/../lib/gcc/avr/5.4.0/avrxmega3/libgcc.a(_exit.o)
 .text.libgcc.div
                0x0000000000000000        0x0 /opt/microchip/xc8/v2.30/avr/bin/../lib/gcc/avr/5.4.0/avrxmega3/libgcc.a(_exit.o)
 .text.libgcc   0x0000000000000000        0x0 /opt/microchip/xc8/v2.30/avr/bin/../lib/gcc/avr/5.4.0/avrxmega3/libgcc.a(_exit.o)
 .text.libgcc.prologue
                0x0000000000000000        0x0 /opt/microchip/xc8/v2.30/avr/bin/../lib/gcc/avr/5.4.0/avrxmega3/libgcc.a(_exit.o)
 .text.libgcc.builtins
                0x0000000000000000        0x0 /opt/microchip/xc8/v2.30/avr/bin/../lib/gcc/avr/5.4.0/avrxmega3/libgcc.a(_exit.o)
 .text.libgcc.fmul
                0x0000000000000000        0x0 /opt/microchip/xc8/v2.30/avr/bin/../lib/gcc/avr/5.4.0/avrxmega3/libgcc.a(_exit.o)
 .text.libgcc.fixed
                0x0000000000000000        0x0 /opt/microchip/xc8/v2.30/avr/bin/../lib/gcc/avr/5.4.0/avrxmega3/libgcc.a(_exit.o)
 .text          0x0000000000000000        0x0 /opt/microchip/xc8/v2.30/avr/bin/../lib/gcc/avr/5.4.0/avrxmega3/libgcc.a(_copy_data.o)
 .data          0x0000000000000000        0x0 /opt/microchip/xc8/v2.30/avr/bin/../lib/gcc/avr/5.4.0/avrxmega3/libgcc.a(_copy_data.o)
 .bss           0x0000000000000000        0x0 /opt/microchip/xc8/v2.30/avr/bin/../lib/gcc/avr/5.4.0/avrxmega3/libgcc.a(_copy_data.o)
 .text.libgcc.mul
                0x0000000000000000        0x0 /opt/microchip/xc8/v2.30/avr/bin/../lib/gcc/avr/5.4.0/avrxmega3/libgcc.a(_copy_data.o)
 .text.libgcc.div
                0x0000000000000000        0x0 /opt/microchip/xc8/v2.30/avr/bin/../lib/gcc/avr/5.4.0/avrxmega3/libgcc.a(_copy_data.o)
 .text.libgcc   0x0000000000000000        0x0 /opt/microchip/xc8/v2.30/avr/bin/../lib/gcc/avr/5.4.0/avrxmega3/libgcc.a(_copy_data.o)
 .text.libgcc.prologue
                0x0000000000000000        0x0 /opt/microchip/xc8/v2.30/avr/bin/../lib/gcc/avr/5.4.0/avrxmega3/libgcc.a(_copy_data.o)
 .text.libgcc.builtins
                0x0000000000000000        0x0 /opt/microchip/xc8/v2.30/avr/bin/../lib/gcc/avr/5.4.0/avrxmega3/libgcc.a(_copy_data.o)
 .text.libgcc.fmul
                0x0000000000000000        0x0 /opt/microchip/xc8/v2.30/avr/bin/../lib/gcc/avr/5.4.0/avrxmega3/libgcc.a(_copy_data.o)
 .text.libgcc.fixed
                0x0000000000000000        0x0 /opt/microchip/xc8/v2.30/avr/bin/../lib/gcc/avr/5.4.0/avrxmega3/libgcc.a(_copy_data.o)
 .text          0x0000000000000000        0x0 /opt/microchip/xc8/v2.30/avr/bin/../lib/gcc/avr/5.4.0/../../../../avr/lib/avrxmega3/libc.a(iob.o)
 .data          0x0000000000000000        0x0 /opt/microchip/xc8/v2.30/avr/bin/../lib/gcc/avr/5.4.0/../../../../avr/lib/avrxmega3/libc.a(iob.o)
 .bss           0x0000000000000000        0x0 /opt/microchip/xc8/v2.30/avr/bin/../lib/gcc/avr/5.4.0/../../../../avr/lib/avrxmega3/libc.a(iob.o)
 .text          0x0000000000000000        0x0 /opt/microchip/xc8/v2.30/avr/bin/../lib/gcc/avr/5.4.0/../../../../avr/lib/avrxmega3/libc.a(printf.o)
 .data          0x0000000000000000        0x0 /opt/microchip/xc8/v2.30/avr/bin/../lib/gcc/avr/5.4.0/../../../../avr/lib/avrxmega3/libc.a(printf.o)
 .bss           0x0000000000000000        0x0 /opt/microchip/xc8/v2.30/avr/bin/../lib/gcc/avr/5.4.0/../../../../avr/lib/avrxmega3/libc.a(printf.o)
 .text          0x0000000000000000        0x0 /opt/microchip/xc8/v2.30/avr/bin/../lib/gcc/avr/5.4.0/../../../../avr/lib/avrxmega3/libc.a(puts.o)
 .data          0x0000000000000000        0x0 /opt/microchip/xc8/v2.30/avr/bin/../lib/gcc/avr/5.4.0/../../../../avr/lib/avrxmega3/libc.a(puts.o)
 .bss           0x0000000000000000        0x0 /opt/microchip/xc8/v2.30/avr/bin/../lib/gcc/avr/5.4.0/../../../../avr/lib/avrxmega3/libc.a(puts.o)
 .text          0x0000000000000000        0x0 /opt/microchip/xc8/v2.30/avr/bin/../lib/gcc/avr/5.4.0/../../../../avr/lib/avrxmega3/libc.a(vfprintf_std.o)
 .data          0x0000000000000000        0x0 /opt/microchip/xc8/v2.30/avr/bin/../lib/gcc/avr/5.4.0/../../../../avr/lib/avrxmega3/libc.a(vfprintf_std.o)
 .bss           0x0000000000000000        0x0 /opt/microchip/xc8/v2.30/avr/bin/../lib/gcc/avr/5.4.0/../../../../avr/lib/avrxmega3/libc.a(vfprintf_std.o)
 .text          0x0000000000000000        0x0 /opt/microchip/xc8/v2.30/avr/bin/../lib/gcc/avr/5.4.0/../../../../avr/lib/avrxmega3/libc.a(strnlen_P.o)
 .data          0x0000000000000000        0x0 /opt/microchip/xc8/v2.30/avr/bin/../lib/gcc/avr/5.4.0/../../../../avr/lib/avrxmega3/libc.a(strnlen_P.o)
 .bss           0x0000000000000000        0x0 /opt/microchip/xc8/v2.30/avr/bin/../lib/gcc/avr/5.4.0/../../../../avr/lib/avrxmega3/libc.a(strnlen_P.o)
 .text          0x0000000000000000        0x0 /opt/microchip/xc8/v2.30/avr/bin/../lib/gcc/avr/5.4.0/../../../../avr/lib/avrxmega3/libc.a(strnlen.o)
 .data          0x0000000000000000        0x0 /opt/microchip/xc8/v2.30/avr/bin/../lib/gcc/avr/5.4.0/../../../../avr/lib/avrxmega3/libc.a(strnlen.o)
 .bss           0x0000000000000000        0x0 /opt/microchip/xc8/v2.30/avr/bin/../lib/gcc/avr/5.4.0/../../../../avr/lib/avrxmega3/libc.a(strnlen.o)
 .text          0x0000000000000000        0x0 /opt/microchip/xc8/v2.30/avr/bin/../lib/gcc/avr/5.4.0/../../../../avr/lib/avrxmega3/libc.a(fputc.o)
 .data          0x0000000000000000        0x0 /opt/microchip/xc8/v2.30/avr/bin/../lib/gcc/avr/5.4.0/../../../../avr/lib/avrxmega3/libc.a(fputc.o)
 .bss           0x0000000000000000        0x0 /opt/microchip/xc8/v2.30/avr/bin/../lib/gcc/avr/5.4.0/../../../../avr/lib/avrxmega3/libc.a(fputc.o)
 .text          0x0000000000000000        0x0 /opt/microchip/xc8/v2.30/avr/bin/../lib/gcc/avr/5.4.0/../../../../avr/lib/avrxmega3/libc.a(ultoa_invert.o)
 .data          0x0000000000000000        0x0 /opt/microchip/xc8/v2.30/avr/bin/../lib/gcc/avr/5.4.0/../../../../avr/lib/avrxmega3/libc.a(ultoa_invert.o)
 .bss           0x0000000000000000        0x0 /opt/microchip/xc8/v2.30/avr/bin/../lib/gcc/avr/5.4.0/../../../../avr/lib/avrxmega3/libc.a(ultoa_invert.o)
 .text          0x0000000000000000        0x0 /opt/microchip/mplabx/v5.40/packs/Microchip/ATmega_DFP/2.2.108/xc8/avr/lib/avrxmega3/libatmega4809.a(ccp_write.o)
 .data          0x0000000000000000        0x0 /opt/microchip/mplabx/v5.40/packs/Microchip/ATmega_DFP/2.2.108/xc8/avr/lib/avrxmega3/libatmega4809.a(ccp_write.o)
 .bss           0x0000000000000000        0x0 /opt/microchip/mplabx/v5.40/packs/Microchip/ATmega_DFP/2.2.108/xc8/avr/lib/avrxmega3/libatmega4809.a(ccp_write.o)
 .text.avrlibc  0x0000000000000000        0xc /opt/microchip/mplabx/v5.40/packs/Microchip/ATmega_DFP/2.2.108/xc8/avr/lib/avrxmega3/libatmega4809.a(ccp_write.o)
 .debug_line    0x0000000000000000       0x67 /opt/microchip/mplabx/v5.40/packs/Microchip/ATmega_DFP/2.2.108/xc8/avr/lib/avrxmega3/libatmega4809.a(ccp_write.o)
 .debug_info    0x0000000000000000       0xa2 /opt/microchip/mplabx/v5.40/packs/Microchip/ATmega_DFP/2.2.108/xc8/avr/lib/avrxmega3/libatmega4809.a(ccp_write.o)
 .debug_abbrev  0x0000000000000000       0x14 /opt/microchip/mplabx/v5.40/packs/Microchip/ATmega_DFP/2.2.108/xc8/avr/lib/avrxmega3/libatmega4809.a(ccp_write.o)
 .debug_aranges
                0x0000000000000000       0x20 /opt/microchip/mplabx/v5.40/packs/Microchip/ATmega_DFP/2.2.108/xc8/avr/lib/avrxmega3/libatmega4809.a(ccp_write.o)
 .text          0x0000000000000000        0x0 /opt/microchip/xc8/v2.30/avr/bin/../lib/gcc/avr/5.4.0/avrxmega3/libgcc.a(_prologue.o)
 .data          0x0000000000000000        0x0 /opt/microchip/xc8/v2.30/avr/bin/../lib/gcc/avr/5.4.0/avrxmega3/libgcc.a(_prologue.o)
 .bss           0x0000000000000000        0x0 /opt/microchip/xc8/v2.30/avr/bin/../lib/gcc/avr/5.4.0/avrxmega3/libgcc.a(_prologue.o)
 .text.libgcc.mul
                0x0000000000000000        0x0 /opt/microchip/xc8/v2.30/avr/bin/../lib/gcc/avr/5.4.0/avrxmega3/libgcc.a(_prologue.o)
 .text.libgcc.div
                0x0000000000000000        0x0 /opt/microchip/xc8/v2.30/avr/bin/../lib/gcc/avr/5.4.0/avrxmega3/libgcc.a(_prologue.o)
 .text.libgcc   0x0000000000000000        0x0 /opt/microchip/xc8/v2.30/avr/bin/../lib/gcc/avr/5.4.0/avrxmega3/libgcc.a(_prologue.o)
 .text.libgcc.builtins
                0x0000000000000000        0x0 /opt/microchip/xc8/v2.30/avr/bin/../lib/gcc/avr/5.4.0/avrxmega3/libgcc.a(_prologue.o)
 .text.libgcc.fmul
                0x0000000000000000        0x0 /opt/microchip/xc8/v2.30/avr/bin/../lib/gcc/avr/5.4.0/avrxmega3/libgcc.a(_prologue.o)
 .text.libgcc.fixed
                0x0000000000000000        0x0 /opt/microchip/xc8/v2.30/avr/bin/../lib/gcc/avr/5.4.0/avrxmega3/libgcc.a(_prologue.o)
 .text          0x0000000000000000        0x0 /opt/microchip/xc8/v2.30/avr/bin/../lib/gcc/avr/5.4.0/avrxmega3/libgcc.a(_epilogue.o)
 .data          0x0000000000000000        0x0 /opt/microchip/xc8/v2.30/avr/bin/../lib/gcc/avr/5.4.0/avrxmega3/libgcc.a(_epilogue.o)
 .bss           0x0000000000000000        0x0 /opt/microchip/xc8/v2.30/avr/bin/../lib/gcc/avr/5.4.0/avrxmega3/libgcc.a(_epilogue.o)
 .text.libgcc.mul
                0x0000000000000000        0x0 /opt/microchip/xc8/v2.30/avr/bin/../lib/gcc/avr/5.4.0/avrxmega3/libgcc.a(_epilogue.o)
 .text.libgcc.div
                0x0000000000000000        0x0 /opt/microchip/xc8/v2.30/avr/bin/../lib/gcc/avr/5.4.0/avrxmega3/libgcc.a(_epilogue.o)
 .text.libgcc   0x0000000000000000        0x0 /opt/microchip/xc8/v2.30/avr/bin/../lib/gcc/avr/5.4.0/avrxmega3/libgcc.a(_epilogue.o)
 .text.libgcc.builtins
                0x0000000000000000        0x0 /opt/microchip/xc8/v2.30/avr/bin/../lib/gcc/avr/5.4.0/avrxmega3/libgcc.a(_epilogue.o)
 .text.libgcc.fmul
                0x0000000000000000        0x0 /opt/microchip/xc8/v2.30/avr/bin/../lib/gcc/avr/5.4.0/avrxmega3/libgcc.a(_epilogue.o)
 .text.libgcc.fixed
                0x0000000000000000        0x0 /opt/microchip/xc8/v2.30/avr/bin/../lib/gcc/avr/5.4.0/avrxmega3/libgcc.a(_epilogue.o)

Memory Configuration

Name             Origin             Length             Attributes
text             0x0000000000000000 0x000000000000c000 xr
data             0x0000000000802800 0x0000000000001800 rw !x
eeprom           0x0000000000810000 0x0000000000000100 rw !x
fuse             0x0000000000820000 0x000000000000000a rw !x
lock             0x0000000000830000 0x0000000000000400 rw !x
signature        0x0000000000840000 0x0000000000000400 rw !x
user_signatures  0x0000000000850000 0x0000000000000400 rw !x
*default*        0x0000000000000000 0xffffffffffffffff

Linker script and memory map

Address of section .data set to 0x802800
                0x0000000000004000                __RODATA_PM_OFFSET__ = 0x4000
LOAD /opt/microchip/mplabx/v5.40/packs/Microchip/ATmega_DFP/2.2.108/xc8/avr/lib/avrxmega3/crtatmega4809.o
                0x0000000000000001                __MPLAB_BUILD = 0x1
LOAD build/default/production/main.o
START GROUP
LOAD /opt/microchip/xc8/v2.30/avr/bin/../lib/gcc/avr/5.4.0/../../../../avr/lib/avrxmega3/libm.a
END GROUP
START GROUP
LOAD /opt/microchip/xc8/v2.30/avr/bin/../lib/gcc/avr/5.4.0/avrxmega3/libgcc.a
LOAD /opt/microchip/xc8/v2.30/avr/bin/../lib/gcc/avr/5.4.0/../../../../avr/lib/avrxmega3/libm.a
LOAD /opt/microchip/xc8/v2.30/avr/bin/../lib/gcc/avr/5.4.0/../../../../avr/lib/avrxmega3/libc.a
LOAD /opt/microchip/mplabx/v5.40/packs/Microchip/ATmega_DFP/2.2.108/xc8/avr/lib/avrxmega3/libatmega4809.a
END GROUP
                [0x0000000000000000]                __TEXT_REGION_ORIGIN__ = DEFINED (__TEXT_REGION_ORIGIN__)?__TEXT_REGION_ORIGIN__:0x0
                [0x0000000000802800]                __DATA_REGION_ORIGIN__ = DEFINED (__DATA_REGION_ORIGIN__)?__DATA_REGION_ORIGIN__:0x802000
                [0x000000000000c000]                __TEXT_REGION_LENGTH__ = DEFINED (__TEXT_REGION_LENGTH__)?__TEXT_REGION_LENGTH__:0x100000
                [0x0000000000001800]                __DATA_REGION_LENGTH__ = DEFINED (__DATA_REGION_LENGTH__)?__DATA_REGION_LENGTH__:0xffa0
                [0x0000000000000100]                __EEPROM_REGION_LENGTH__ = DEFINED (__EEPROM_REGION_LENGTH__)?__EEPROM_REGION_LENGTH__:0x10000
                [0x000000000000000a]                __FUSE_REGION_LENGTH__ = DEFINED (__FUSE_REGION_LENGTH__)?__FUSE_REGION_LENGTH__:0x400
                0x0000000000000400                __LOCK_REGION_LENGTH__ = DEFINED (__LOCK_REGION_LENGTH__)?__LOCK_REGION_LENGTH__:0x400
                0x0000000000000400                __SIGNATURE_REGION_LENGTH__ = DEFINED (__SIGNATURE_REGION_LENGTH__)?__SIGNATURE_REGION_LENGTH__:0x400
                0x0000000000000400                __USER_SIGNATURE_REGION_LENGTH__ = DEFINED (__USER_SIGNATURE_REGION_LENGTH__)?__USER_SIGNATURE_REGION_LENGTH__:0x400
                0x0000000000008000                __RODATA_PM_OFFSET__ = DEFINED (__RODATA_PM_OFFSET__)?__RODATA_PM_OFFSET__:0x8000

.hash
 *(.hash)

.dynsym
 *(.dynsym)

.dynstr
 *(.dynstr)

.gnu.version
 *(.gnu.version)

.gnu.version_d
 *(.gnu.version_d)

.gnu.version_r
 *(.gnu.version_r)

.rel.init
 *(.rel.init)

.rela.init
 *(.rela.init)

.rel.text
 *(.rel.text)
 *(.rel.text.*)
 *(.rel.gnu.linkonce.t*)

.rela.text
 *(.rela.text)
 *(.rela.text.*)
 *(.rela.gnu.linkonce.t*)

.rel.fini
 *(.rel.fini)

.rela.fini
 *(.rela.fini)

.rel.rodata
 *(.rel.rodata)
 *(.rel.rodata.*)
 *(.rel.gnu.linkonce.r*)

.rela.rodata
 *(.rela.rodata)
 *(.rela.rodata.*)
 *(.rela.gnu.linkonce.r*)

.rel.data
 *(.rel.data)
 *(.rel.data.*)
 *(.rel.gnu.linkonce.d*)

.rela.data
 *(.rela.data)
 *(.rela.data.*)
 *(.rela.gnu.linkonce.d*)

.rel.ctors
 *(.rel.ctors)

.rela.ctors
 *(.rela.ctors)

.rel.dtors
 *(.rel.dtors)

.rela.dtors
 *(.rela.dtors)

.rel.got
 *(.rel.got)

.rela.got
 *(.rela.got)

.rel.bss
 *(.rel.bss)

.rela.bss
 *(.rela.bss)

.rel.plt
 *(.rel.plt)

.rela.plt
 *(.rela.plt)

.text           0x0000000000000000      0x106
 *(.vectors)
 .vectors       0x0000000000000000       0xa0 /opt/microchip/mplabx/v5.40/packs/Microchip/ATmega_DFP/2.2.108/xc8/avr/lib/avrxmega3/crtatmega4809.o
                0x0000000000000000                __vectors
                0x0000000000000000                __vector_default
 *(.vectors)
 *(.progmem.gcc*)
 *(.dinit)
 .dinit         0x00000000000000a0       0x11 data_init
                0x00000000000000b2                . = ALIGN (0x2)
 *fill*         0x00000000000000b1        0x1 
                0x00000000000000b2                __trampolines_start = .
 *(.trampolines)
 .trampolines   0x00000000000000b2        0x0 linker stubs
 *(.trampolines*)
                0x00000000000000b2                __trampolines_end = .
 *libprintf_flt.a:*(.progmem.data)
 *libc.a:*(.progmem.data)
                0x00000000000000b2                . = ALIGN (0x2)
 *(.jumptables)
 *(.jumptables*)
 *(.lowtext)
 *(.lowtext*)
                0x00000000000000b2                __ctors_start = .
 *(.ctors)
                0x00000000000000b2                __ctors_end = .
                0x00000000000000b2                __dtors_start = .
 *(.dtors)
                0x00000000000000b2                __dtors_end = .
 SORT(*)(.ctors)
 SORT(*)(.dtors)
 *(.init0)
 .init0         0x00000000000000b2        0x0 /opt/microchip/mplabx/v5.40/packs/Microchip/ATmega_DFP/2.2.108/xc8/avr/lib/avrxmega3/crtatmega4809.o
                0x00000000000000b2                __init
 *(.init0)
 *(.init1)
 *(.init1)
 *(.init2)
 .init2         0x00000000000000b2        0xc /opt/microchip/mplabx/v5.40/packs/Microchip/ATmega_DFP/2.2.108/xc8/avr/lib/avrxmega3/crtatmega4809.o
 *(.init2)
 *(.init3)
 *(.init3)
 *(.init4)
 .init4         0x00000000000000be       0x3c /opt/microchip/xc8/v2.30/avr/bin/../lib/gcc/avr/5.4.0/avrxmega3/libgcc.a(_copy_data.o)
                0x00000000000000be                __do_copy_data
                0x00000000000000ec                __do_clear_bss
 *(.init4)
 *(.init5)
 *(.init5)
 *(.init6)
 *(.init6)
 *(.init7)
 *(.init7)
 *(.init8)
 *(.init8)
 *(.init9)
 .init9         0x00000000000000fa        0x8 /opt/microchip/mplabx/v5.40/packs/Microchip/ATmega_DFP/2.2.108/xc8/avr/lib/avrxmega3/crtatmega4809.o
 *(.init9)
                0x0000000000000102                . = ALIGN (0x2)
 *(.fini9)
 .fini9         0x0000000000000102        0x0 /opt/microchip/xc8/v2.30/avr/bin/../lib/gcc/avr/5.4.0/avrxmega3/libgcc.a(_exit.o)
                0x0000000000000102                exit
                0x0000000000000102                _exit
 *(.fini9)
 *(.fini8)
 *(.fini8)
 *(.fini7)
 *(.fini7)
 *(.fini6)
 *(.fini6)
 *(.fini5)
 *(.fini5)
 *(.fini4)
 *(.fini4)
 *(.fini3)
 *(.fini3)
 *(.fini2)
 *(.fini2)
 *(.fini1)
 *(.fini1)
 *(.fini0)
 .fini0         0x0000000000000102        0x4 /opt/microchip/xc8/v2.30/avr/bin/../lib/gcc/avr/5.4.0/avrxmega3/libgcc.a(_exit.o)
 *(.fini0)
                0x0000000000000106                _etext = .

.data           0x0000000000802800        0x0 load address 0x0000000000000106
                [!provide]                        PROVIDE (__data_start, .)
 *(.gnu.linkonce.d*)
                0x0000000000802800                . = ALIGN (0x2)
                0x0000000000802800                _edata = .
                [!provide]                        PROVIDE (__data_end, .)

.bss            0x0000000000802800        0x6
                [!provide]                        PROVIDE (__bss_start, .)
 *(COMMON)
 COMMON         0x0000000000802800        0x6 /opt/microchip/xc8/v2.30/avr/bin/../lib/gcc/avr/5.4.0/../../../../avr/lib/avrxmega3/libc.a(iob.o)
                0x0000000000802800                __iob
                [!provide]                        PROVIDE (__bss_end, .)
                0x0000000000000106                __data_load_start = LOADADDR (.data)
                0x0000000000000106                __data_load_end = (__data_load_start + SIZEOF (.data))

.noinit         0x0000000000802806        0x0
                [!provide]                        PROVIDE (__noinit_start, .)
 *(.noinit*)
                [!provide]                        PROVIDE (__noinit_end, .)
                0x0000000000802806                _end = .

.eeprom         0x0000000000810000        0x0
 *(.eeprom*)
                0x0000000000810000                __eeprom_end = .

.fuse
 *(.fuse)
 *(.lfuse)
 *(.hfuse)
 *(.efuse)

.lock
 *(.lock*)

.signature
 *(.signature*)

.user_signatures
 *(.user_signatures*)

.stab
 *(.stab)

.stabstr
 *(.stabstr)

.stab.excl
 *(.stab.excl)

.stab.exclstr
 *(.stab.exclstr)

.stab.index
 *(.stab.index)

.stab.indexstr
 *(.stab.indexstr)

.comment        0x0000000000000000       0x5b
 *(.comment)
 .comment       0x0000000000000000       0x2f build/default/production/main.o
                                         0x30 (size before relaxing)
 .comment       0x000000000000002f       0x2c /opt/microchip/xc8/v2.30/avr/bin/../lib/gcc/avr/5.4.0/../../../../avr/lib/avrxmega3/libc.a(iob.o)
                                         0x2d (size before relaxing)
 .comment       0x000000000000005b       0x2d /opt/microchip/xc8/v2.30/avr/bin/../lib/gcc/avr/5.4.0/../../../../avr/lib/avrxmega3/libc.a(printf.o)
 .comment       0x000000000000005b       0x2d /opt/microchip/xc8/v2.30/avr/bin/../lib/gcc/avr/5.4.0/../../../../avr/lib/avrxmega3/libc.a(puts.o)
 .comment       0x000000000000005b       0x2d /opt/microchip/xc8/v2.30/avr/bin/../lib/gcc/avr/5.4.0/../../../../avr/lib/avrxmega3/libc.a(vfprintf_std.o)
 .comment       0x000000000000005b       0x2d /opt/microchip/xc8/v2.30/avr/bin/../lib/gcc/avr/5.4.0/../../../../avr/lib/avrxmega3/libc.a(fputc.o)

.note.gnu.build-id
 *(.note.gnu.build-id)

.debug
 *(.debug)

.line
 *(.line)

.debug_srcinfo
 *(.debug_srcinfo)

.debug_sfnames
 *(.debug_sfnames)

.debug_aranges  0x0000000000000000       0x58
 *(.debug_aranges)
 .debug_aranges
                0x0000000000000000       0x58 build/default/production/main.o

.debug_pubnames
 *(.debug_pubnames)

.debug_info     0x0000000000000000     0x342b
 *(.debug_info .gnu.linkonce.wi.*)
 .debug_info    0x0000000000000000     0x248a /opt/microchip/mplabx/v5.40/packs/Microchip/ATmega_DFP/2.2.108/xc8/avr/lib/avrxmega3/crtatmega4809.o
 .debug_info    0x000000000000248a      0xfa1 build/default/production/main.o

.debug_abbrev   0x0000000000000000     0x252a
 *(.debug_abbrev)
 .debug_abbrev  0x0000000000000000     0x2296 /opt/microchip/mplabx/v5.40/packs/Microchip/ATmega_DFP/2.2.108/xc8/avr/lib/avrxmega3/crtatmega4809.o
 .debug_abbrev  0x0000000000002296      0x294 build/default/production/main.o

.debug_line     0x0000000000000000      0x4df
 *(.debug_line .debug_line.* .debug_line_end)
 .debug_line    0x0000000000000000      0x187 /opt/microchip/mplabx/v5.40/packs/Microchip/ATmega_DFP/2.2.108/xc8/avr/lib/avrxmega3/crtatmega4809.o
 .debug_line    0x0000000000000187      0x358 build/default/production/main.o

.debug_frame    0x0000000000000000      0x138
 *(.debug_frame)
 .debug_frame   0x0000000000000000      0x138 build/default/production/main.o

.debug_str      0x0000000000000000      0xfbc
 *(.debug_str)
 .debug_str     0x0000000000000000      0xf85 /opt/microchip/mplabx/v5.40/packs/Microchip/ATmega_DFP/2.2.108/xc8/avr/lib/avrxmega3/crtatmega4809.o
 .debug_str     0x0000000000000f85       0x37 build/default/production/main.o

.debug_loc      0x0000000000000000       0xf9
 *(.debug_loc)
 .debug_loc     0x0000000000000000       0xf9 build/default/production/main.o

.debug_macinfo
 *(.debug_macinfo)

.debug_weaknames
 *(.debug_weaknames)

.debug_funcnames
 *(.debug_funcnames)

.debug_typenames
 *(.debug_typenames)

.debug_varnames
 *(.debug_varnames)

.debug_pubtypes
 *(.debug_pubtypes)

.debug_ranges   0x0000000000000000       0x48
 *(.debug_ranges)
 .debug_ranges  0x0000000000000000       0x48 build/default/production/main.o

.debug_macro
 *(.debug_macro)
OUTPUT(dist/default/production/W04E01_Stopwatch.X.production.elf elf32-avr)
LOAD linker stubs
LOAD data_init

.note.gnu.avr.deviceinfo
                0x0000000000000000       0x40
 .note.gnu.avr.deviceinfo
                0x0000000000000000       0x40 /opt/microchip/mplabx/v5.40/packs/Microchip/ATmega_DFP/2.2.108/xc8/avr/lib/avrxmega3/crtatmega4809.o

.bss.count      0x0000000000802814        0x2
 .bss.count     0x0000000000802814        0x2 build/default/production/main.o
                0x0000000000802814                count

.text.avrlibc   0x0000000000000106      0x3c2
 .text.avrlibc  0x0000000000000106      0x3c2 /opt/microchip/xc8/v2.30/avr/bin/../lib/gcc/avr/5.4.0/../../../../avr/lib/avrxmega3/libc.a(vfprintf_std.o)
                0x0000000000000106                vfprintf

.text.avrlibc   0x00000000000004c8       0xbc
 .text.avrlibc  0x00000000000004c8       0xbc /opt/microchip/xc8/v2.30/avr/bin/../lib/gcc/avr/5.4.0/../../../../avr/lib/avrxmega3/libc.a(ultoa_invert.o)
                0x00000000000004c8                __ultoa_invert

.text.__vector_29
                0x0000000000000584       0x88
 .text.__vector_29
                0x0000000000000584       0x88 build/default/production/main.o
                0x0000000000000584                __vector_29

.text.main      0x000000000000060c       0x82
 .text.main     0x000000000000060c       0x82 build/default/production/main.o
                0x000000000000060c                main

.text.avrlibc   0x000000000000068e       0x80
 .text.avrlibc  0x000000000000068e       0x80 /opt/microchip/xc8/v2.30/avr/bin/../lib/gcc/avr/5.4.0/../../../../avr/lib/avrxmega3/libc.a(puts.o)
                0x000000000000068e                puts

.text.avrlibc   0x000000000000070e       0x78
 .text.avrlibc  0x000000000000070e       0x78 /opt/microchip/xc8/v2.30/avr/bin/../lib/gcc/avr/5.4.0/../../../../avr/lib/avrxmega3/libc.a(fputc.o)
                0x000000000000070e                fputc

.text.__vector_4
                0x0000000000000786       0x46
 .text.__vector_4
                0x0000000000000786       0x46 build/default/production/main.o
                0x0000000000000786                __vector_4

.text.libgcc.prologue
                0x00000000000007cc       0x32
 .text.libgcc.prologue
                0x00000000000007cc       0x32 /opt/microchip/xc8/v2.30/avr/bin/../lib/gcc/avr/5.4.0/avrxmega3/libgcc.a(_prologue.o)
                0x00000000000007cc                __prologue_saves__

.text.USART0_init
                0x00000000000007fe       0x30
 .text.USART0_init
                0x00000000000007fe       0x30 build/default/production/main.o
                0x00000000000007fe                USART0_init

.text.libgcc.prologue
                0x000000000000082e       0x30
 .text.libgcc.prologue
                0x000000000000082e       0x30 /opt/microchip/xc8/v2.30/avr/bin/../lib/gcc/avr/5.4.0/avrxmega3/libgcc.a(_epilogue.o)
                0x000000000000082e                __epilogue_restores__

.text.avrlibc   0x000000000000085e       0x2c
 .text.avrlibc  0x000000000000085e       0x2c /opt/microchip/xc8/v2.30/avr/bin/../lib/gcc/avr/5.4.0/../../../../avr/lib/avrxmega3/libc.a(printf.o)
                0x000000000000085e                printf

.text.avrlibc   0x000000000000088a       0x16
 .text.avrlibc  0x000000000000088a       0x16 /opt/microchip/xc8/v2.30/avr/bin/../lib/gcc/avr/5.4.0/../../../../avr/lib/avrxmega3/libc.a(strnlen_P.o)
                0x000000000000088a                strnlen_P

.text.avrlibc   0x00000000000008a0       0x16
 .text.avrlibc  0x00000000000008a0       0x16 /opt/microchip/xc8/v2.30/avr/bin/../lib/gcc/avr/5.4.0/../../../../avr/lib/avrxmega3/libc.a(strnlen.o)
                0x00000000000008a0                strnlen

.text.USART0_sendChar
                0x00000000000008b6       0x10
 .text.USART0_sendChar
                0x00000000000008b6       0x10 build/default/production/main.o
                0x00000000000008b6                USART0_sendChar

.rodata         0x00000000008048c6        0xc load address 0x00000000000008c6
 .rodata        0x00000000008048c6        0xc build/default/production/main.o

.text.USART0_printChar
                0x00000000000008d2        0xa
 .text.USART0_printChar
                0x00000000000008d2        0xa build/default/production/main.o
                0x00000000000008d2                USART0_printChar

.text           0x00000000000008dc        0x4
 .text          0x00000000000008dc        0x4 /opt/microchip/mplabx/v5.40/packs/Microchip/ATmega_DFP/2.2.108/xc8/avr/lib/avrxmega3/crtatmega4809.o
                0x00000000000008dc                __vector_38
                0x00000000000008dc                __vector_22
                0x00000000000008dc                __vector_28
                0x00000000000008dc                __vector_1
                0x00000000000008dc                __vector_32
                0x00000000000008dc                __vector_34
                0x00000000000008dc                __vector_24
                0x00000000000008dc                __vector_12
                0x00000000000008dc                __bad_interrupt
                0x00000000000008dc                __vector_6
                0x00000000000008dc                __vector_31
                0x00000000000008dc                __vector_35
                0x00000000000008dc                __vector_39
                0x00000000000008dc                __vector_3
                0x00000000000008dc                __vector_23
                0x00000000000008dc                __vector_30
                0x00000000000008dc                __vector_25
                0x00000000000008dc                __vector_11
                0x00000000000008dc                __vector_13
                0x00000000000008dc                __vector_17
                0x00000000000008dc                __vector_19
                0x00000000000008dc                __vector_7
                0x00000000000008dc                __vector_27
                0x00000000000008dc                __vector_5
                0x00000000000008dc                __vector_33
                0x00000000000008dc                __vector_37
                0x00000000000008dc                __vector_9
                0x00000000000008dc                __vector_2
                0x00000000000008dc                __vector_21
                0x00000000000008dc                __vector_15
                0x00000000000008dc                __vector_36
                0x00000000000008dc                __vector_8
                0x00000000000008dc                __vector_26
                0x00000000000008dc                __vector_14
                0x00000000000008dc                __vector_10
                0x00000000000008dc                __vector_16
                0x00000000000008dc                __vector_18
                0x00000000000008dc                __vector_20

.data.USART_stream
                0x0000000000802806        0xe load address 0x00000000000008e0
 .data.USART_stream
                0x0000000000802806        0xe build/default/production/main.o
